------------------------------------------------------------
TimeQuest Timing Analyzer Summary
------------------------------------------------------------

Type  : Slow Model Setup 'CLOCK_50'
Slack : -4.215
TNS   : -613.833

Type  : Slow Model Setup 'AUDIO_DAC_ADC:u4|LRCK_1X'
Slack : -3.429
TNS   : -156.113

Type  : Slow Model Setup 'I2C_AV_Config:u3|mI2C_CTRL_CLK'
Slack : -2.525
TNS   : -74.701

Type  : Slow Model Setup 'AUDIO_DAC_ADC:u4|oAUD_BCK'
Slack : -0.244
TNS   : -0.290

Type  : Slow Model Setup 'p1|altpll_component|pll|clk[1]'
Slack : -0.145
TNS   : -0.290

Type  : Slow Model Hold 'CLOCK_50'
Slack : -2.545
TNS   : -2.545

Type  : Slow Model Hold 'p1|altpll_component|pll|clk[1]'
Slack : -0.080
TNS   : -0.160

Type  : Slow Model Hold 'AUDIO_DAC_ADC:u4|LRCK_1X'
Slack : 0.214
TNS   : 0.000

Type  : Slow Model Hold 'AUDIO_DAC_ADC:u4|oAUD_BCK'
Slack : 0.391
TNS   : 0.000

Type  : Slow Model Hold 'I2C_AV_Config:u3|mI2C_CTRL_CLK'
Slack : 0.391
TNS   : 0.000

Type  : Slow Model Recovery 'p1|altpll_component|pll|clk[1]'
Slack : -3.709
TNS   : -51.926

Type  : Slow Model Recovery 'AUDIO_DAC_ADC:u4|oAUD_BCK'
Slack : -0.328
TNS   : -1.312

Type  : Slow Model Removal 'AUDIO_DAC_ADC:u4|oAUD_BCK'
Slack : 1.098
TNS   : 0.000

Type  : Slow Model Removal 'p1|altpll_component|pll|clk[1]'
Slack : 3.484
TNS   : 0.000

Type  : Slow Model Minimum Pulse Width 'CLOCK_50'
Slack : -1.380
TNS   : -213.380

Type  : Slow Model Minimum Pulse Width 'AUDIO_DAC_ADC:u4|LRCK_1X'
Slack : -0.500
TNS   : -104.000

Type  : Slow Model Minimum Pulse Width 'I2C_AV_Config:u3|mI2C_CTRL_CLK'
Slack : -0.500
TNS   : -44.000

Type  : Slow Model Minimum Pulse Width 'AUDIO_DAC_ADC:u4|oAUD_BCK'
Slack : -0.500
TNS   : -4.000

Type  : Slow Model Minimum Pulse Width 'CLOCK_27'
Slack : 18.518
TNS   : 0.000

Type  : Slow Model Minimum Pulse Width 'p1|altpll_component|pll|clk[1]'
Slack : 26.777
TNS   : 0.000

Type  : Fast Model Setup 'CLOCK_50'
Slack : -1.396
TNS   : -169.538

Type  : Fast Model Setup 'AUDIO_DAC_ADC:u4|LRCK_1X'
Slack : -0.990
TNS   : -23.099

Type  : Fast Model Setup 'I2C_AV_Config:u3|mI2C_CTRL_CLK'
Slack : -0.537
TNS   : -13.067

Type  : Fast Model Setup 'p1|altpll_component|pll|clk[1]'
Slack : -0.204
TNS   : -0.408

Type  : Fast Model Setup 'AUDIO_DAC_ADC:u4|oAUD_BCK'
Slack : 0.429
TNS   : 0.000

Type  : Fast Model Hold 'CLOCK_50'
Slack : -1.585
TNS   : -1.585

Type  : Fast Model Hold 'p1|altpll_component|pll|clk[1]'
Slack : 0.089
TNS   : 0.000

Type  : Fast Model Hold 'AUDIO_DAC_ADC:u4|LRCK_1X'
Slack : 0.103
TNS   : 0.000

Type  : Fast Model Hold 'AUDIO_DAC_ADC:u4|oAUD_BCK'
Slack : 0.215
TNS   : 0.000

Type  : Fast Model Hold 'I2C_AV_Config:u3|mI2C_CTRL_CLK'
Slack : 0.215
TNS   : 0.000

Type  : Fast Model Recovery 'p1|altpll_component|pll|clk[1]'
Slack : -2.351
TNS   : -32.914

Type  : Fast Model Recovery 'AUDIO_DAC_ADC:u4|oAUD_BCK'
Slack : -0.018
TNS   : -0.072

Type  : Fast Model Removal 'AUDIO_DAC_ADC:u4|oAUD_BCK'
Slack : 0.898
TNS   : 0.000

Type  : Fast Model Removal 'p1|altpll_component|pll|clk[1]'
Slack : 2.236
TNS   : 0.000

Type  : Fast Model Minimum Pulse Width 'CLOCK_50'
Slack : -1.380
TNS   : -213.380

Type  : Fast Model Minimum Pulse Width 'AUDIO_DAC_ADC:u4|LRCK_1X'
Slack : -0.500
TNS   : -104.000

Type  : Fast Model Minimum Pulse Width 'I2C_AV_Config:u3|mI2C_CTRL_CLK'
Slack : -0.500
TNS   : -44.000

Type  : Fast Model Minimum Pulse Width 'AUDIO_DAC_ADC:u4|oAUD_BCK'
Slack : -0.500
TNS   : -4.000

Type  : Fast Model Minimum Pulse Width 'CLOCK_27'
Slack : 18.518
TNS   : 0.000

Type  : Fast Model Minimum Pulse Width 'p1|altpll_component|pll|clk[1]'
Slack : 26.777
TNS   : 0.000

------------------------------------------------------------
